2026-09-10 09:06:44 ERROR - Database connection failed
2026-09-10 09:11:47 ERROR - Payment service unavailable
2026-09-10 09:16:55 ERROR - File processing failed
2026-09-10 09:21:52 ERROR - Authentication service timeout
2026-09-10 09:26:51 ERROR - Email service failed
2026-09-10 09:31:57 ERROR - External service unavailable
